[Wed Jan 22 10:15:16.271984 2025] [ssl:warn] [pid 19816:tid 408] AH01909: www.example.com:443:0 server certificate does NOT include an ID which matches the server name
[Wed Jan 22 10:15:16.294251 2025] [ssl:warn] [pid 19816:tid 408] AH01909: www.example.com:443:0 server certificate does NOT include an ID which matches the server name
[Wed Jan 22 10:15:16.321022 2025] [mpm_winnt:notice] [pid 19816:tid 408] AH00455: Apache/2.4.58 (Win64) OpenSSL/3.1.3 PHP/8.2.12 configured -- resuming normal operations
[Wed Jan 22 10:15:16.321022 2025] [mpm_winnt:notice] [pid 19816:tid 408] AH00456: Apache Lounge VS17 Server built: Oct 18 2023 13:03:18
[Wed Jan 22 10:15:16.321022 2025] [core:notice] [pid 19816:tid 408] AH00094: Command line: 'D:\\xampp\\apache\\bin\\httpd.exe -d D:/xampp/apache'
[Wed Jan 22 10:15:16.324584 2025] [mpm_winnt:notice] [pid 19816:tid 408] AH00418: Parent: Created child process 15960
[Wed Jan 22 10:15:16.570636 2025] [ssl:warn] [pid 15960:tid 396] AH01909: www.example.com:443:0 server certificate does NOT include an ID which matches the server name
[Wed Jan 22 10:15:16.590499 2025] [ssl:warn] [pid 15960:tid 396] AH01909: www.example.com:443:0 server certificate does NOT include an ID which matches the server name
[Wed Jan 22 10:15:16.612477 2025] [mpm_winnt:notice] [pid 15960:tid 396] AH00354: Child: Starting 150 worker threads.
[Wed Jan 22 10:25:02.628390 2025] [ssl:warn] [pid 22828:tid 372] AH01909: www.example.com:443:0 server certificate does NOT include an ID which matches the server name
[Wed Jan 22 10:25:02.653254 2025] [ssl:warn] [pid 22828:tid 372] AH01909: www.example.com:443:0 server certificate does NOT include an ID which matches the server name
[Wed Jan 22 10:25:02.674682 2025] [mpm_winnt:notice] [pid 22828:tid 372] AH00455: Apache/2.4.58 (Win64) OpenSSL/3.1.3 PHP/8.2.12 configured -- resuming normal operations
[Wed Jan 22 10:25:02.674682 2025] [mpm_winnt:notice] [pid 22828:tid 372] AH00456: Apache Lounge VS17 Server built: Oct 18 2023 13:03:18
[Wed Jan 22 10:25:02.674682 2025] [core:notice] [pid 22828:tid 372] AH00094: Command line: 'd:\\xampp\\apache\\bin\\httpd.exe -d D:/xampp/apache'
[Wed Jan 22 10:25:02.676680 2025] [mpm_winnt:notice] [pid 22828:tid 372] AH00418: Parent: Created child process 296
[Wed Jan 22 10:25:02.859929 2025] [ssl:warn] [pid 296:tid 372] AH01909: www.example.com:443:0 server certificate does NOT include an ID which matches the server name
[Wed Jan 22 10:25:02.878038 2025] [ssl:warn] [pid 296:tid 372] AH01909: www.example.com:443:0 server certificate does NOT include an ID which matches the server name
[Wed Jan 22 10:25:02.901296 2025] [mpm_winnt:notice] [pid 296:tid 372] AH00354: Child: Starting 150 worker threads.
[Wed Jan 22 10:27:07.359534 2025] [mpm_winnt:crit] [pid 296:tid 372] AH02538: Child: Parent process exited abruptly. Child process is ending
[Wed Jan 22 10:27:52.067315 2025] [ssl:warn] [pid 11760:tid 380] AH01909: www.example.com:443:0 server certificate does NOT include an ID which matches the server name
[Wed Jan 22 10:27:52.084964 2025] [core:warn] [pid 11760:tid 380] AH00098: pid file D:/xampp/apache/logs/httpd.pid overwritten -- Unclean shutdown of previous Apache run?
[Wed Jan 22 10:27:52.086948 2025] [ssl:warn] [pid 11760:tid 380] AH01909: www.example.com:443:0 server certificate does NOT include an ID which matches the server name
[Wed Jan 22 10:27:52.108197 2025] [mpm_winnt:notice] [pid 11760:tid 380] AH00455: Apache/2.4.58 (Win64) OpenSSL/3.1.3 PHP/8.2.12 configured -- resuming normal operations
[Wed Jan 22 10:27:52.108197 2025] [mpm_winnt:notice] [pid 11760:tid 380] AH00456: Apache Lounge VS17 Server built: Oct 18 2023 13:03:18
[Wed Jan 22 10:27:52.108197 2025] [core:notice] [pid 11760:tid 380] AH00094: Command line: 'd:\\xampp\\apache\\bin\\httpd.exe -d D:/xampp/apache'
[Wed Jan 22 10:27:52.110746 2025] [mpm_winnt:notice] [pid 11760:tid 380] AH00418: Parent: Created child process 25440
[Wed Jan 22 10:27:52.290446 2025] [ssl:warn] [pid 25440:tid 372] AH01909: www.example.com:443:0 server certificate does NOT include an ID which matches the server name
[Wed Jan 22 10:27:52.309100 2025] [ssl:warn] [pid 25440:tid 372] AH01909: www.example.com:443:0 server certificate does NOT include an ID which matches the server name
[Wed Jan 22 10:27:52.331859 2025] [mpm_winnt:notice] [pid 25440:tid 372] AH00354: Child: Starting 150 worker threads.
[Wed Jan 22 10:29:08.680186 2025] [ssl:warn] [pid 4604:tid 388] AH01909: www.example.com:443:0 server certificate does NOT include an ID which matches the server name
[Wed Jan 22 10:29:08.696752 2025] [core:warn] [pid 4604:tid 388] AH00098: pid file D:/xampp/apache/logs/httpd.pid overwritten -- Unclean shutdown of previous Apache run?
[Wed Jan 22 10:29:08.697766 2025] [ssl:warn] [pid 4604:tid 388] AH01909: www.example.com:443:0 server certificate does NOT include an ID which matches the server name
[Wed Jan 22 10:29:08.719858 2025] [mpm_winnt:notice] [pid 4604:tid 388] AH00455: Apache/2.4.58 (Win64) OpenSSL/3.1.3 PHP/8.2.12 configured -- resuming normal operations
[Wed Jan 22 10:29:08.719858 2025] [mpm_winnt:notice] [pid 4604:tid 388] AH00456: Apache Lounge VS17 Server built: Oct 18 2023 13:03:18
[Wed Jan 22 10:29:08.719858 2025] [core:notice] [pid 4604:tid 388] AH00094: Command line: 'd:\\xampp\\apache\\bin\\httpd.exe -d D:/xampp/apache'
[Wed Jan 22 10:29:08.721858 2025] [mpm_winnt:notice] [pid 4604:tid 388] AH00418: Parent: Created child process 14680
[Wed Jan 22 10:29:08.908133 2025] [ssl:warn] [pid 14680:tid 372] AH01909: www.example.com:443:0 server certificate does NOT include an ID which matches the server name
[Wed Jan 22 10:29:08.926193 2025] [ssl:warn] [pid 14680:tid 372] AH01909: www.example.com:443:0 server certificate does NOT include an ID which matches the server name
[Wed Jan 22 10:29:08.947243 2025] [mpm_winnt:notice] [pid 14680:tid 372] AH00354: Child: Starting 150 worker threads.
[Wed Jan 22 11:01:28.782910 2025] [ssl:warn] [pid 13296:tid 372] AH01909: www.example.com:443:0 server certificate does NOT include an ID which matches the server name
[Wed Jan 22 11:01:28.801478 2025] [core:warn] [pid 13296:tid 372] AH00098: pid file D:/xampp/apache/logs/httpd.pid overwritten -- Unclean shutdown of previous Apache run?
[Wed Jan 22 11:01:28.802483 2025] [ssl:warn] [pid 13296:tid 372] AH01909: www.example.com:443:0 server certificate does NOT include an ID which matches the server name
[Wed Jan 22 11:01:28.844473 2025] [mpm_winnt:notice] [pid 13296:tid 372] AH00455: Apache/2.4.58 (Win64) OpenSSL/3.1.3 PHP/8.2.12 configured -- resuming normal operations
[Wed Jan 22 11:01:28.844473 2025] [mpm_winnt:notice] [pid 13296:tid 372] AH00456: Apache Lounge VS17 Server built: Oct 18 2023 13:03:18
[Wed Jan 22 11:01:28.844473 2025] [core:notice] [pid 13296:tid 372] AH00094: Command line: 'd:\\xampp\\apache\\bin\\httpd.exe -d D:/xampp/apache'
[Wed Jan 22 11:01:28.846506 2025] [mpm_winnt:notice] [pid 13296:tid 372] AH00418: Parent: Created child process 20084
[Wed Jan 22 11:01:29.031878 2025] [ssl:warn] [pid 20084:tid 372] AH01909: www.example.com:443:0 server certificate does NOT include an ID which matches the server name
[Wed Jan 22 11:01:29.048908 2025] [ssl:warn] [pid 20084:tid 372] AH01909: www.example.com:443:0 server certificate does NOT include an ID which matches the server name
[Wed Jan 22 11:01:29.071390 2025] [mpm_winnt:notice] [pid 20084:tid 372] AH00354: Child: Starting 150 worker threads.
[Wed Jan 22 11:03:34.289806 2025] [ssl:warn] [pid 13784:tid 388] AH01909: www.example.com:443:0 server certificate does NOT include an ID which matches the server name
[Wed Jan 22 11:03:34.305978 2025] [core:warn] [pid 13784:tid 388] AH00098: pid file D:/xampp/apache/logs/httpd.pid overwritten -- Unclean shutdown of previous Apache run?
[Wed Jan 22 11:03:34.308491 2025] [ssl:warn] [pid 13784:tid 388] AH01909: www.example.com:443:0 server certificate does NOT include an ID which matches the server name
[Wed Jan 22 11:03:34.329128 2025] [mpm_winnt:notice] [pid 13784:tid 388] AH00455: Apache/2.4.58 (Win64) OpenSSL/3.1.3 PHP/8.2.12 configured -- resuming normal operations
[Wed Jan 22 11:03:34.329128 2025] [mpm_winnt:notice] [pid 13784:tid 388] AH00456: Apache Lounge VS17 Server built: Oct 18 2023 13:03:18
[Wed Jan 22 11:03:34.329128 2025] [core:notice] [pid 13784:tid 388] AH00094: Command line: 'd:\\xampp\\apache\\bin\\httpd.exe -d D:/xampp/apache'
[Wed Jan 22 11:03:34.331634 2025] [mpm_winnt:notice] [pid 13784:tid 388] AH00418: Parent: Created child process 16120
[Wed Jan 22 11:03:34.512103 2025] [ssl:warn] [pid 16120:tid 372] AH01909: www.example.com:443:0 server certificate does NOT include an ID which matches the server name
[Wed Jan 22 11:03:34.530372 2025] [ssl:warn] [pid 16120:tid 372] AH01909: www.example.com:443:0 server certificate does NOT include an ID which matches the server name
[Wed Jan 22 11:03:34.551878 2025] [mpm_winnt:notice] [pid 16120:tid 372] AH00354: Child: Starting 150 worker threads.
[Wed Jan 22 11:18:52.808820 2025] [core:error] [pid 16120:tid 1968] [client ::1:56341] AH00124: Request exceeded the limit of 10 internal redirects due to probable configuration error. Use 'LimitInternalRecursion' to increase the limit if necessary. Use 'LogLevel debug' to get a backtrace.
[Wed Jan 22 11:18:58.578227 2025] [core:error] [pid 16120:tid 1968] [client ::1:56343] AH00124: Request exceeded the limit of 10 internal redirects due to probable configuration error. Use 'LimitInternalRecursion' to increase the limit if necessary. Use 'LogLevel debug' to get a backtrace.
[Wed Jan 22 11:20:01.519065 2025] [core:error] [pid 16120:tid 1968] [client ::1:56379] AH00124: Request exceeded the limit of 10 internal redirects due to probable configuration error. Use 'LimitInternalRecursion' to increase the limit if necessary. Use 'LogLevel debug' to get a backtrace.
[Wed Jan 22 11:21:32.406800 2025] [core:error] [pid 16120:tid 1968] [client ::1:56425] AH00124: Request exceeded the limit of 10 internal redirects due to probable configuration error. Use 'LimitInternalRecursion' to increase the limit if necessary. Use 'LogLevel debug' to get a backtrace.
[Wed Jan 22 11:21:50.288701 2025] [core:error] [pid 16120:tid 1968] [client ::1:56431] AH00124: Request exceeded the limit of 10 internal redirects due to probable configuration error. Use 'LimitInternalRecursion' to increase the limit if necessary. Use 'LogLevel debug' to get a backtrace.
[Wed Jan 22 11:21:50.771953 2025] [core:error] [pid 16120:tid 1968] [client ::1:56432] AH00124: Request exceeded the limit of 10 internal redirects due to probable configuration error. Use 'LimitInternalRecursion' to increase the limit if necessary. Use 'LogLevel debug' to get a backtrace.
[Wed Jan 22 11:21:56.905898 2025] [core:error] [pid 16120:tid 1968] [client ::1:56436] AH00124: Request exceeded the limit of 10 internal redirects due to probable configuration error. Use 'LimitInternalRecursion' to increase the limit if necessary. Use 'LogLevel debug' to get a backtrace.
[Wed Jan 22 11:23:38.339754 2025] [core:error] [pid 16120:tid 1968] [client ::1:56477] AH00124: Request exceeded the limit of 10 internal redirects due to probable configuration error. Use 'LimitInternalRecursion' to increase the limit if necessary. Use 'LogLevel debug' to get a backtrace.
[Wed Jan 22 11:23:39.631765 2025] [core:error] [pid 16120:tid 1968] [client ::1:56480] AH00124: Request exceeded the limit of 10 internal redirects due to probable configuration error. Use 'LimitInternalRecursion' to increase the limit if necessary. Use 'LogLevel debug' to get a backtrace.
[Wed Jan 22 11:24:00.747442 2025] [php:warn] [pid 16120:tid 1968] [client ::1:56491] PHP Warning:  file_get_contents(users.json): Failed to open stream: No such file or directory in D:\\xampp\\htdocs\\index.php on line 3
[Wed Jan 22 11:30:36.179867 2025] [core:alert] [pid 16120:tid 1956] [client ::1:56649] D:/xampp/htdocs/api/.htaccess: RewriteBase takes one argument, the base URL of the per-directory context
[Wed Feb 05 23:19:01.086293 2025] [ssl:warn] [pid 21136:tid 352] AH01909: www.example.com:443:0 server certificate does NOT include an ID which matches the server name
[Wed Feb 05 23:19:01.105295 2025] [core:warn] [pid 21136:tid 352] AH00098: pid file D:/xampp/apache/logs/httpd.pid overwritten -- Unclean shutdown of previous Apache run?
[Wed Feb 05 23:19:01.106295 2025] [ssl:warn] [pid 21136:tid 352] AH01909: www.example.com:443:0 server certificate does NOT include an ID which matches the server name
[Wed Feb 05 23:19:01.274308 2025] [mpm_winnt:notice] [pid 21136:tid 352] AH00455: Apache/2.4.58 (Win64) OpenSSL/3.1.3 PHP/8.2.12 configured -- resuming normal operations
[Wed Feb 05 23:19:01.274308 2025] [mpm_winnt:notice] [pid 21136:tid 352] AH00456: Apache Lounge VS17 Server built: Oct 18 2023 13:03:18
[Wed Feb 05 23:19:01.274308 2025] [core:notice] [pid 21136:tid 352] AH00094: Command line: 'd:\\xampp\\apache\\bin\\httpd.exe -d D:/xampp/apache'
[Wed Feb 05 23:19:01.276308 2025] [mpm_winnt:notice] [pid 21136:tid 352] AH00418: Parent: Created child process 21192
[Wed Feb 05 23:19:01.456084 2025] [ssl:warn] [pid 21192:tid 344] AH01909: www.example.com:443:0 server certificate does NOT include an ID which matches the server name
[Wed Feb 05 23:19:01.474084 2025] [ssl:warn] [pid 21192:tid 344] AH01909: www.example.com:443:0 server certificate does NOT include an ID which matches the server name
[Wed Feb 05 23:19:01.494085 2025] [mpm_winnt:notice] [pid 21192:tid 344] AH00354: Child: Starting 150 worker threads.
[Thu Feb 06 00:55:14.581714 2025] [php:warn] [pid 21192:tid 1924] [client ::1:51715] PHP Warning:  Trying to access array offset on value of type null in D:\\xampp\\htdocs\\LearnHomework\\Section_2\\index.php on line 98
[Thu Feb 06 00:57:23.094476 2025] [php:warn] [pid 21192:tid 1924] [client ::1:51784] PHP Warning:  Trying to access array offset on value of type null in D:\\xampp\\htdocs\\LearnHomework\\Section_2\\index.php on line 98
[Thu Feb 06 00:59:19.850763 2025] [php:warn] [pid 21192:tid 1924] [client ::1:51845] PHP Warning:  Trying to access array offset on value of type null in D:\\xampp\\htdocs\\LearnHomework\\Section_2\\index.php on line 98
[Thu Feb 06 01:00:46.361193 2025] [php:warn] [pid 21192:tid 1924] [client ::1:51890] PHP Warning:  Trying to access array offset on value of type null in D:\\xampp\\htdocs\\LearnHomework\\Section_2\\index.php on line 98
[Thu Feb 06 01:02:25.539118 2025] [php:warn] [pid 21192:tid 1924] [client ::1:51943] PHP Warning:  Trying to access array offset on value of type null in D:\\xampp\\htdocs\\LearnHomework\\Section_2\\index.php on line 98
[Tue Mar 18 19:02:27.112266 2025] [ssl:warn] [pid 9528:tid 444] AH01909: www.example.com:443:0 server certificate does NOT include an ID which matches the server name
[Tue Mar 18 19:02:27.131734 2025] [core:warn] [pid 9528:tid 444] AH00098: pid file D:/xampp/apache/logs/httpd.pid overwritten -- Unclean shutdown of previous Apache run?
[Tue Mar 18 19:02:27.132738 2025] [ssl:warn] [pid 9528:tid 444] AH01909: www.example.com:443:0 server certificate does NOT include an ID which matches the server name
[Tue Mar 18 19:02:27.306560 2025] [mpm_winnt:notice] [pid 9528:tid 444] AH00455: Apache/2.4.58 (Win64) OpenSSL/3.1.3 PHP/8.2.12 configured -- resuming normal operations
[Tue Mar 18 19:02:27.306560 2025] [mpm_winnt:notice] [pid 9528:tid 444] AH00456: Apache Lounge VS17 Server built: Oct 18 2023 13:03:18
[Tue Mar 18 19:02:27.306560 2025] [core:notice] [pid 9528:tid 444] AH00094: Command line: 'd:\\xampp\\apache\\bin\\httpd.exe -d D:/xampp/apache'
[Tue Mar 18 19:02:27.309062 2025] [mpm_winnt:notice] [pid 9528:tid 444] AH00418: Parent: Created child process 20396
[Tue Mar 18 19:02:27.484150 2025] [ssl:warn] [pid 20396:tid 440] AH01909: www.example.com:443:0 server certificate does NOT include an ID which matches the server name
[Tue Mar 18 19:02:27.502408 2025] [ssl:warn] [pid 20396:tid 440] AH01909: www.example.com:443:0 server certificate does NOT include an ID which matches the server name
[Tue Mar 18 19:02:27.524925 2025] [mpm_winnt:notice] [pid 20396:tid 440] AH00354: Child: Starting 150 worker threads.
[Tue Mar 18 21:17:42.867856 2025] [php:error] [pid 20396:tid 1916] [client ::1:52379] PHP Fatal error:  Uncaught TypeError: trim(): Argument #1 ($string) must be of type string, array given in D:\\xampp\\htdocs\\LearnHomework\\Project\\api.php:10\nStack trace:\n#0 D:\\xampp\\htdocs\\LearnHomework\\Project\\api.php(10): trim(Array, '/')\n#1 {main}\n  thrown in D:\\xampp\\htdocs\\LearnHomework\\Project\\api.php on line 10
[Tue Mar 18 21:17:56.094058 2025] [php:error] [pid 20396:tid 1916] [client ::1:52385] PHP Fatal error:  Uncaught TypeError: trim(): Argument #1 ($string) must be of type string, array given in D:\\xampp\\htdocs\\LearnHomework\\Project\\api.php:10\nStack trace:\n#0 D:\\xampp\\htdocs\\LearnHomework\\Project\\api.php(10): trim(Array, '/')\n#1 {main}\n  thrown in D:\\xampp\\htdocs\\LearnHomework\\Project\\api.php on line 10
[Tue Mar 18 21:23:42.604772 2025] [php:warn] [pid 20396:tid 1916] [client ::1:52444] PHP Warning:  Array to string conversion in D:\\xampp\\htdocs\\LearnHomework\\Project\\api.php on line 19
[Tue Mar 18 21:23:42.604772 2025] [php:warn] [pid 20396:tid 1916] [client ::1:52444] PHP Warning:  Undefined variable $Array in D:\\xampp\\htdocs\\LearnHomework\\Project\\api.php on line 19
[Tue Mar 18 21:23:42.604772 2025] [php:warn] [pid 20396:tid 1916] [client ::1:52444] PHP Warning:  Trying to access array offset on value of type null in D:\\xampp\\htdocs\\LearnHomework\\Project\\api.php on line 19
[Tue Mar 18 21:23:46.334595 2025] [php:warn] [pid 20396:tid 1916] [client ::1:52444] PHP Warning:  Array to string conversion in D:\\xampp\\htdocs\\LearnHomework\\Project\\api.php on line 19
[Tue Mar 18 21:23:46.334595 2025] [php:warn] [pid 20396:tid 1916] [client ::1:52444] PHP Warning:  Undefined variable $Array in D:\\xampp\\htdocs\\LearnHomework\\Project\\api.php on line 19
[Tue Mar 18 21:23:46.334595 2025] [php:warn] [pid 20396:tid 1916] [client ::1:52444] PHP Warning:  Trying to access array offset on value of type null in D:\\xampp\\htdocs\\LearnHomework\\Project\\api.php on line 19
[Tue Mar 18 21:24:11.921134 2025] [php:warn] [pid 20396:tid 1916] [client ::1:52452] PHP Warning:  Undefined array key 1 in D:\\xampp\\htdocs\\LearnHomework\\Project\\api.php on line 19
[Tue Mar 18 21:24:20.781379 2025] [php:warn] [pid 20396:tid 1916] [client ::1:52455] PHP Warning:  Undefined array key 0 in D:\\xampp\\htdocs\\LearnHomework\\Project\\api.php on line 19
[Tue Mar 18 21:24:21.527144 2025] [php:warn] [pid 20396:tid 1916] [client ::1:52455] PHP Warning:  Undefined array key 0 in D:\\xampp\\htdocs\\LearnHomework\\Project\\api.php on line 19
[Tue Mar 18 22:10:45.428753 2025] [php:error] [pid 20396:tid 1936] [client ::1:53173] PHP Fatal error:  Uncaught mysqli_sql_exception: Column 'username' cannot be null in D:\\xampp\\htdocs\\LearnHomework\\Project\\api.php:81\nStack trace:\n#0 D:\\xampp\\htdocs\\LearnHomework\\Project\\api.php(81): mysqli_stmt->execute()\n#1 D:\\xampp\\htdocs\\LearnHomework\\Project\\api.php(23): createUser()\n#2 {main}\n  thrown in D:\\xampp\\htdocs\\LearnHomework\\Project\\api.php on line 81
[Tue Mar 18 22:27:14.782168 2025] [php:error] [pid 20396:tid 1912] [client ::1:53348] PHP Fatal error:  Uncaught mysqli_sql_exception: Column 'username' cannot be null in D:\\xampp\\htdocs\\LearnHomework\\Project\\api.php:81\nStack trace:\n#0 D:\\xampp\\htdocs\\LearnHomework\\Project\\api.php(81): mysqli_stmt->execute()\n#1 D:\\xampp\\htdocs\\LearnHomework\\Project\\api.php(23): createUser()\n#2 {main}\n  thrown in D:\\xampp\\htdocs\\LearnHomework\\Project\\api.php on line 81
[Tue Mar 18 22:28:59.655332 2025] [php:error] [pid 20396:tid 1932] [client ::1:53394] PHP Fatal error:  Uncaught mysqli_sql_exception: Column 'username' cannot be null in D:\\xampp\\htdocs\\LearnHomework\\Project\\api.php:81\nStack trace:\n#0 D:\\xampp\\htdocs\\LearnHomework\\Project\\api.php(81): mysqli_stmt->execute()\n#1 D:\\xampp\\htdocs\\LearnHomework\\Project\\api.php(23): createUser()\n#2 {main}\n  thrown in D:\\xampp\\htdocs\\LearnHomework\\Project\\api.php on line 81
[Tue Mar 18 22:41:08.383250 2025] [php:error] [pid 20396:tid 1932] [client ::1:53506] PHP Fatal error:  Uncaught mysqli_sql_exception: Duplicate entry 'Erik' for key 'username' in D:\\xampp\\htdocs\\LearnHomework\\Project\\api.php:81\nStack trace:\n#0 D:\\xampp\\htdocs\\LearnHomework\\Project\\api.php(81): mysqli_stmt->execute()\n#1 D:\\xampp\\htdocs\\LearnHomework\\Project\\api.php(23): createUser()\n#2 {main}\n  thrown in D:\\xampp\\htdocs\\LearnHomework\\Project\\api.php on line 81
[Tue Mar 18 22:41:46.913743 2025] [php:error] [pid 20396:tid 1916] [client ::1:53530] PHP Fatal error:  Uncaught mysqli_sql_exception: Duplicate entry 'Erik' for key 'username' in D:\\xampp\\htdocs\\LearnHomework\\Project\\api.php:81\nStack trace:\n#0 D:\\xampp\\htdocs\\LearnHomework\\Project\\api.php(81): mysqli_stmt->execute()\n#1 D:\\xampp\\htdocs\\LearnHomework\\Project\\api.php(23): createUser()\n#2 {main}\n  thrown in D:\\xampp\\htdocs\\LearnHomework\\Project\\api.php on line 81
[Tue Mar 18 22:42:05.861027 2025] [php:error] [pid 20396:tid 1916] [client ::1:53534] PHP Fatal error:  Uncaught mysqli_sql_exception: Duplicate entry 'Erik' for key 'username' in D:\\xampp\\htdocs\\LearnHomework\\Project\\api.php:81\nStack trace:\n#0 D:\\xampp\\htdocs\\LearnHomework\\Project\\api.php(81): mysqli_stmt->execute()\n#1 D:\\xampp\\htdocs\\LearnHomework\\Project\\api.php(23): createUser()\n#2 {main}\n  thrown in D:\\xampp\\htdocs\\LearnHomework\\Project\\api.php on line 81
[Tue Mar 18 23:38:03.435159 2025] [php:error] [pid 20396:tid 1908] [client ::1:54068] PHP Fatal error:  Uncaught mysqli_sql_exception: Duplicate entry 'Markus' for key 'username' in D:\\xampp\\htdocs\\LearnHomework\\Project\\api.php:81\nStack trace:\n#0 D:\\xampp\\htdocs\\LearnHomework\\Project\\api.php(81): mysqli_stmt->execute()\n#1 D:\\xampp\\htdocs\\LearnHomework\\Project\\api.php(23): createUser()\n#2 {main}\n  thrown in D:\\xampp\\htdocs\\LearnHomework\\Project\\api.php on line 81
[Wed Apr 23 23:27:59.432607 2025] [ssl:warn] [pid 25700:tid 476] AH01909: www.example.com:443:0 server certificate does NOT include an ID which matches the server name
[Wed Apr 23 23:27:59.452122 2025] [core:warn] [pid 25700:tid 476] AH00098: pid file D:/xampp/apache/logs/httpd.pid overwritten -- Unclean shutdown of previous Apache run?
[Wed Apr 23 23:27:59.453121 2025] [ssl:warn] [pid 25700:tid 476] AH01909: www.example.com:443:0 server certificate does NOT include an ID which matches the server name
[Wed Apr 23 23:27:59.645134 2025] [mpm_winnt:notice] [pid 25700:tid 476] AH00455: Apache/2.4.58 (Win64) OpenSSL/3.1.3 PHP/8.2.12 configured -- resuming normal operations
[Wed Apr 23 23:27:59.645134 2025] [mpm_winnt:notice] [pid 25700:tid 476] AH00456: Apache Lounge VS17 Server built: Oct 18 2023 13:03:18
[Wed Apr 23 23:27:59.645134 2025] [core:notice] [pid 25700:tid 476] AH00094: Command line: 'd:\\xampp\\apache\\bin\\httpd.exe -d D:/xampp/apache'
[Wed Apr 23 23:27:59.646636 2025] [mpm_winnt:notice] [pid 25700:tid 476] AH00418: Parent: Created child process 26988
[Wed Apr 23 23:27:59.834039 2025] [ssl:warn] [pid 26988:tid 488] AH01909: www.example.com:443:0 server certificate does NOT include an ID which matches the server name
[Wed Apr 23 23:27:59.852046 2025] [ssl:warn] [pid 26988:tid 488] AH01909: www.example.com:443:0 server certificate does NOT include an ID which matches the server name
[Wed Apr 23 23:27:59.874073 2025] [mpm_winnt:notice] [pid 26988:tid 488] AH00354: Child: Starting 150 worker threads.
[Wed Apr 23 23:29:07.736364 2025] [php:warn] [pid 26988:tid 1944] [client ::1:49977] PHP Warning:  Undefined array key "username" in D:\\xampp\\htdocs\\bb\\include.php on line 47, referer: http://localhost/bb/index.php
[Wed Apr 23 23:29:07.736364 2025] [php:error] [pid 26988:tid 1944] [client ::1:49977] PHP Fatal error:  Uncaught Error: Call to a member function query() on null in D:\\xampp\\htdocs\\bb\\include.php:50\nStack trace:\n#0 D:\\xampp\\htdocs\\bb\\login.php(2): include()\n#1 {main}\n  thrown in D:\\xampp\\htdocs\\bb\\include.php on line 50, referer: http://localhost/bb/index.php
[Wed Apr 23 23:29:29.299397 2025] [php:warn] [pid 26988:tid 1944] [client ::1:50015] PHP Warning:  Undefined array key "username" in D:\\xampp\\htdocs\\bb\\include.php on line 47, referer: http://localhost/bb/index.php
[Wed Apr 23 23:29:29.299397 2025] [php:error] [pid 26988:tid 1944] [client ::1:50015] PHP Fatal error:  Uncaught Error: Call to a member function query() on null in D:\\xampp\\htdocs\\bb\\include.php:50\nStack trace:\n#0 D:\\xampp\\htdocs\\bb\\login.php(2): include()\n#1 {main}\n  thrown in D:\\xampp\\htdocs\\bb\\include.php on line 50, referer: http://localhost/bb/index.php
[Wed Apr 23 23:29:40.736693 2025] [php:warn] [pid 26988:tid 1944] [client ::1:50021] PHP Warning:  Undefined array key "username" in D:\\xampp\\htdocs\\bb\\include.php on line 47, referer: http://localhost/bb/index.php
[Wed Apr 23 23:29:40.736693 2025] [php:error] [pid 26988:tid 1944] [client ::1:50021] PHP Fatal error:  Uncaught Error: Call to a member function query() on null in D:\\xampp\\htdocs\\bb\\include.php:50\nStack trace:\n#0 D:\\xampp\\htdocs\\bb\\login.php(2): include()\n#1 {main}\n  thrown in D:\\xampp\\htdocs\\bb\\include.php on line 50, referer: http://localhost/bb/index.php
[Thu Apr 24 01:27:47.427440 2025] [php:error] [pid 26988:tid 1928] [client ::1:51863] script 'D:/xampp/htdocs/api.php' not found or unable to stat, referer: http://localhost/LearnHomework/Project/index.php
[Thu Apr 24 01:31:00.995120 2025] [php:warn] [pid 26988:tid 1928] [client ::1:51966] PHP Warning:  Undefined array key "username" in D:\\xampp\\htdocs\\LearnHomework\\Project\\include.php on line 17, referer: http://localhost/LearnHomework/Project/index.php
[Thu Apr 24 01:43:00.380238 2025] [php:warn] [pid 26988:tid 1928] [client ::1:52351] PHP Warning:  Undefined array key "username" in D:\\xampp\\htdocs\\LearnHomework\\Project\\include.php on line 31, referer: http://localhost/LearnHomework/Project/index.php
[Thu Apr 24 01:43:00.394752 2025] [php:warn] [pid 26988:tid 1928] [client ::1:52351] PHP Warning:  Undefined variable $conn in D:\\xampp\\htdocs\\LearnHomework\\Project\\login.php on line 14, referer: http://localhost/LearnHomework/Project/index.php
[Thu Apr 24 01:43:00.394752 2025] [php:error] [pid 26988:tid 1928] [client ::1:52351] PHP Fatal error:  Uncaught Error: Call to a member function query() on null in D:\\xampp\\htdocs\\LearnHomework\\Project\\login.php:14\nStack trace:\n#0 {main}\n  thrown in D:\\xampp\\htdocs\\LearnHomework\\Project\\login.php on line 14, referer: http://localhost/LearnHomework/Project/index.php
[Thu Apr 24 01:50:11.361989 2025] [php:error] [pid 26988:tid 1928] [client ::1:52425] PHP Fatal error:  Uncaught Error: Call to a member function query() on null in D:\\xampp\\htdocs\\LearnHomework\\Project\\api.php:77\nStack trace:\n#0 D:\\xampp\\htdocs\\LearnHomework\\Project\\api.php(38): getUsers()\n#1 D:\\xampp\\htdocs\\LearnHomework\\Project\\api.php(16): handleUsers('GET', Array)\n#2 {main}\n  thrown in D:\\xampp\\htdocs\\LearnHomework\\Project\\api.php on line 77
